[lojaspanini.online/index.html]
[backblue.gif]
[fade.gif]
[index.html]
[storage.googleapis.com/gpt-engineer-file-uploads/2BssU27DDURkreoyCnBMvkbJznB3/social-images/social-1770911238490-b1c10e166393023.Y3JvcCwxMzgwLDEwODAsMjcwLDA.jpg]
[storage.googleapis.com/gpt-engineer-file-uploads/2BssU27DDURkreoyCnBMvkbJznB3/uploads/1770911226034-Cupom_TIFF_Panini_Logo_1.png]
[lojaspanini.online/assets/index-BCO5woaY.js]
[lojaspanini.online/assets/index-BWkbuPCA.css]
[lojaspanini.online/index.html]
[lojaspanini.online/_flock.js]
[lojaspanini.online/assets/outfit-latin-ext-400-normal-5tcqmc2S.woff2]
[lojaspanini.online/assets/outfit-latin-ext-400-normal-DHm7mdGe.woff]
[lojaspanini.online/assets/outfit-latin-400-normal-BGsTXAXT.woff2]
[lojaspanini.online/assets/outfit-latin-400-normal-DMwTpYkH.woff]
[lojaspanini.online/assets/outfit-latin-ext-500-normal-zeox_O30.woff2]
[lojaspanini.online/assets/outfit-latin-ext-500-normal-DrCvqoFD.woff]
[lojaspanini.online/assets/outfit-latin-500-normal-DKnIMDSk.woff2]
[lojaspanini.online/assets/outfit-latin-500-normal-ClnHRwRh.woff]
[lojaspanini.online/assets/outfit-latin-ext-600-normal-B85nYjL1.woff2]
[lojaspanini.online/assets/outfit-latin-ext-600-normal-CWJcPgd7.woff]
[lojaspanini.online/assets/outfit-latin-600-normal-B7SfZ07L.woff2]
[lojaspanini.online/assets/outfit-latin-600-normal-BEfTtDA7.woff]
[lojaspanini.online/assets/outfit-latin-ext-700-normal-CI4iH74K.woff2]
[lojaspanini.online/assets/outfit-latin-ext-700-normal-fjS8-Gm7.woff]
[lojaspanini.online/assets/outfit-latin-700-normal-Cu9v6i1X.woff2]
[lojaspanini.online/assets/outfit-latin-700-normal-D4itBLBr.woff]
[lojaspanini.online/assets/outfit-latin-ext-800-normal-DRv2ic_2.woff2]
[lojaspanini.online/assets/outfit-latin-ext-800-normal-DyhPHUt-.woff]
[lojaspanini.online/assets/outfit-latin-800-normal-CQna6-G7.woff2]
[lojaspanini.online/assets/outfit-latin-800-normal-BRHLSPcU.woff]
[lojaspanini.online/assets/index-BWkbuPCA.css]
